// Vitest Snapshot v1, https://vitest.dev/guide/snapshot.html

exports[`expanded regression: novel scenarios > characterizes 8192 local deterministic executions and clusters unique failures 1`] = `
{
  "assertions": 32516,
  "baseScenarios": 256,
  "coverageByDomain": {
    "correction": 24,
    "criteria": 20,
    "decision_maker": 16,
    "experience": 16,
    "finance": 28,
    "goal": 20,
    "material_request": 16,
    "negation": 16,
    "next_action": 20,
    "objection": 16,
    "recommendation_quality": 24,
    "session_isolation": 8,
    "timeline": 20,
    "transcript_transport": 12,
  },
  "executionsPerScenario": 32,
  "fail": 619,
  "failureClusters": [
    {
      "count": 128,
      "eventType": "none",
      "factCategory": "downPayment",
      "id": "f058d65d45cc",
      "invariant": "INV_DOWN_PAYMENT_READINESS",
      "productionLayer": "deterministic fact extraction and canonical projection",
      "semanticAction": "update_state",
      "severity": "HIGH",
    },
    {
      "count": 112,
      "eventType": "none",
      "factCategory": "familyMortgage",
      "id": "ed2d233076f3",
      "invariant": "INV_TRUE_CORRECTION_SUPERSEDE",
      "productionLayer": "canonical fact resolution and supersede",
      "semanticAction": "supersede_fact",
      "severity": "HIGH",
    },
    {
      "count": 85,
      "eventType": "none",
      "factCategory": "purchaseTimeline",
      "id": "f2c2a970a83e",
      "invariant": "INV_TRUE_CORRECTION_SUPERSEDE",
      "productionLayer": "canonical fact resolution and supersede",
      "semanticAction": "supersede_fact",
      "severity": "HIGH",
    },
    {
      "count": 83,
      "eventType": "none",
      "factCategory": "decision_makers",
      "id": "646bab95452d",
      "invariant": "INV_TRUE_CORRECTION_SUPERSEDE",
      "productionLayer": "canonical fact resolution and supersede",
      "semanticAction": "supersede_fact",
      "severity": "HIGH",
    },
    {
      "count": 56,
      "eventType": "none",
      "factCategory": "budget",
      "id": "00b31ad090a8",
      "invariant": "INV_TRUE_CORRECTION_SUPERSEDE",
      "productionLayer": "canonical fact resolution and supersede",
      "semanticAction": "supersede_fact",
      "severity": "HIGH",
    },
    {
      "count": 54,
      "eventType": "none",
      "factCategory": "familyMortgage",
      "id": "1a630930cf2e",
      "invariant": "INV_TRUE_CORRECTION_SUPERSEDE",
      "productionLayer": "canonical fact resolution and supersede",
      "semanticAction": "supersede_fact",
      "severity": "HIGH",
    },
    {
      "count": 54,
      "eventType": "none",
      "factCategory": "property_type",
      "id": "d0a78a72c69e",
      "invariant": "INV_TRUE_CORRECTION_SUPERSEDE",
      "productionLayer": "canonical fact resolution and supersede",
      "semanticAction": "supersede_fact",
      "severity": "HIGH",
    },
    {
      "count": 27,
      "eventType": "none",
      "factCategory": "purchaseTimeline",
      "id": "b65ab4bb1a79",
      "invariant": "INV_TIMELINE_SUPERSEDE",
      "productionLayer": "deterministic fact extraction and canonical projection",
      "semanticAction": "update_state",
      "severity": "HIGH",
    },
    {
      "count": 15,
      "eventType": "FACT_CORRECTION",
      "factCategory": "familyMortgage",
      "id": "501a80c3f955",
      "invariant": "INV_TRUE_CORRECTION_SUPERSEDE",
      "productionLayer": "canonical fact resolution and supersede",
      "semanticAction": "supersede_fact",
      "severity": "HIGH",
    },
    {
      "count": 5,
      "eventType": "FACT_CORRECTION",
      "factCategory": "purchaseTimeline",
      "id": "12138ebfbfda",
      "invariant": "INV_TIMELINE_SUPERSEDE",
      "productionLayer": "deterministic fact extraction and canonical projection",
      "semanticAction": "update_state",
      "severity": "HIGH",
    },
  ],
  "fingerprint": "547203c189a545442a14fa837a6af19c233e357c9d04615e1e67ee2a8dc017de",
  "generatedExecutions": 8192,
  "pass": 31897,
  "passRate": 98.1,
  "seed": 2654435769,
}
`;
