// Vitest Snapshot v1, https://vitest.dev/guide/snapshot.html

exports[`expanded regression: novel scenarios > characterizes 8192 local deterministic executions and clusters unique failures 1`] = `
{
  "assertions": 32704,
  "baseScenarios": 256,
  "coverageByDomain": {
    "correction": 24,
    "criteria": 20,
    "decision_maker": 16,
    "experience": 16,
    "finance": 28,
    "goal": 20,
    "material_request": 16,
    "negation": 16,
    "next_action": 20,
    "objection": 16,
    "recommendation_quality": 24,
    "session_isolation": 8,
    "timeline": 20,
    "transcript_transport": 12,
  },
  "executionsPerScenario": 32,
  "fail": 6132,
  "failureClusters": [
    {
      "count": 128,
      "eventType": "none",
      "factCategory": "materials",
      "id": "b75a3a6c2beb",
      "invariant": "INV_MATERIAL_REQUEST_ROUTING",
      "productionLayer": "conversation event routing",
      "semanticAction": "route_material_request",
      "severity": "CRITICAL",
    },
    {
      "count": 34,
      "eventType": "none",
      "factCategory": "materials",
      "id": "dcccc2f90db0",
      "invariant": "INV_MATERIAL_RESISTANCE_BOUNDARY",
      "productionLayer": "conversation event routing",
      "semanticAction": "respect_material_boundary",
      "severity": "CRITICAL",
    },
    {
      "count": 32,
      "eventType": "none",
      "factCategory": "searchExperience",
      "id": "e37e71c0c73c",
      "invariant": "INV_SESSION_ISOLATION",
      "productionLayer": "session state boundary",
      "semanticAction": "isolate_session_state",
      "severity": "CRITICAL",
    },
    {
      "count": 30,
      "eventType": "NEXT_STEP_RESISTANCE",
      "factCategory": "materials",
      "id": "1ca2cd48ea60",
      "invariant": "INV_MATERIAL_RESISTANCE_BOUNDARY",
      "productionLayer": "conversation event routing",
      "semanticAction": "respect_material_boundary",
      "severity": "CRITICAL",
    },
    {
      "count": 832,
      "eventType": "none",
      "factCategory": "goal",
      "id": "f0017b51d9f7",
      "invariant": "INV_GOAL_SEMANTICS",
      "productionLayer": "deterministic fact extraction and canonical projection",
      "semanticAction": "update_state",
      "severity": "HIGH",
    },
    {
      "count": 576,
      "eventType": "none",
      "factCategory": "decision_makers",
      "id": "7418e2144f34",
      "invariant": "INV_DECISION_AUTHORITY",
      "productionLayer": "deterministic fact extraction and canonical projection",
      "semanticAction": "update_state",
      "severity": "HIGH",
    },
    {
      "count": 576,
      "eventType": "none",
      "factCategory": "purchaseTimeline",
      "id": "8f20cb3e6368",
      "invariant": "INV_PURCHASE_TIMELINE",
      "productionLayer": "deterministic fact extraction and canonical projection",
      "semanticAction": "update_state",
      "severity": "HIGH",
    },
    {
      "count": 448,
      "eventType": "none",
      "factCategory": "searchExperience",
      "id": "4b2495e4c59d",
      "invariant": "INV_EXPERIENCE_STATE",
      "productionLayer": "deterministic fact extraction and canonical projection",
      "semanticAction": "close_experience_branch",
      "severity": "HIGH",
    },
    {
      "count": 448,
      "eventType": "none",
      "factCategory": "downPayment",
      "id": "f058d65d45cc",
      "invariant": "INV_DOWN_PAYMENT_READINESS",
      "productionLayer": "deterministic fact extraction and canonical projection",
      "semanticAction": "update_state",
      "severity": "HIGH",
    },
    {
      "count": 256,
      "eventType": "none",
      "factCategory": "decision_makers",
      "id": "1d14311297fb",
      "invariant": "INV_TRUE_CORRECTION_SUPERSEDE",
      "productionLayer": "canonical fact resolution and supersede",
      "semanticAction": "supersede_fact",
      "severity": "HIGH",
    },
    {
      "count": 256,
      "eventType": "none",
      "factCategory": "goal",
      "id": "7ed5e5aaabfa",
      "invariant": "INV_TRUE_CORRECTION_SUPERSEDE",
      "productionLayer": "canonical fact resolution and supersede",
      "semanticAction": "supersede_fact",
      "severity": "HIGH",
    },
    {
      "count": 256,
      "eventType": "none",
      "factCategory": "purchaseTimeline",
      "id": "8a0a2a33a394",
      "invariant": "INV_TRUE_CORRECTION_SUPERSEDE",
      "productionLayer": "canonical fact resolution and supersede",
      "semanticAction": "supersede_fact",
      "severity": "HIGH",
    },
    {
      "count": 256,
      "eventType": "none",
      "factCategory": "searchExperience",
      "id": "a636f5db6038",
      "invariant": "INV_VOLUNTARY_EXPERIENCE_REOPEN",
      "productionLayer": "deterministic fact extraction and canonical projection",
      "semanticAction": "reopen_with_fact",
      "severity": "HIGH",
    },
    {
      "count": 256,
      "eventType": "none",
      "factCategory": "purchaseTimeline",
      "id": "b65ab4bb1a79",
      "invariant": "INV_TIMELINE_SUPERSEDE",
      "productionLayer": "deterministic fact extraction and canonical projection",
      "semanticAction": "update_state",
      "severity": "HIGH",
    },
    {
      "count": 224,
      "eventType": "none",
      "factCategory": "decision_makers",
      "id": "e27f9ca9c8d6",
      "invariant": "INV_DECISION_MAKER_SUPERSEDE",
      "productionLayer": "deterministic fact extraction and canonical projection",
      "semanticAction": "update_state",
      "severity": "HIGH",
    },
    {
      "count": 128,
      "eventType": "none",
      "factCategory": "decision_makers",
      "id": "646bab95452d",
      "invariant": "INV_TRUE_CORRECTION_SUPERSEDE",
      "productionLayer": "canonical fact resolution and supersede",
      "semanticAction": "supersede_fact",
      "severity": "HIGH",
    },
    {
      "count": 128,
      "eventType": "none",
      "factCategory": "searchExperience",
      "id": "a380869ea85c",
      "invariant": "INV_CLOSED_EXPERIENCE_BRANCH",
      "productionLayer": "deterministic fact extraction and canonical projection",
      "semanticAction": "close_experience_branch",
      "severity": "HIGH",
    },
    {
      "count": 128,
      "eventType": "none",
      "factCategory": "goal",
      "id": "d87b2defb69a",
      "invariant": "INV_TRUE_CORRECTION_SUPERSEDE",
      "productionLayer": "canonical fact resolution and supersede",
      "semanticAction": "supersede_fact",
      "severity": "HIGH",
    },
    {
      "count": 128,
      "eventType": "none",
      "factCategory": "purchaseTimeline",
      "id": "f2c2a970a83e",
      "invariant": "INV_TRUE_CORRECTION_SUPERSEDE",
      "productionLayer": "canonical fact resolution and supersede",
      "semanticAction": "supersede_fact",
      "severity": "HIGH",
    },
    {
      "count": 128,
      "eventType": "none",
      "factCategory": "budget",
      "id": "fa1de6c36a87",
      "invariant": "INV_TRUE_CORRECTION_SUPERSEDE",
      "productionLayer": "canonical fact resolution and supersede",
      "semanticAction": "supersede_fact",
      "severity": "HIGH",
    },
    {
      "count": 112,
      "eventType": "none",
      "factCategory": "familyMortgage",
      "id": "ed2d233076f3",
      "invariant": "INV_TRUE_CORRECTION_SUPERSEDE",
      "productionLayer": "canonical fact resolution and supersede",
      "semanticAction": "supersede_fact",
      "severity": "HIGH",
    },
    {
      "count": 108,
      "eventType": "none",
      "factCategory": "familyMortgage",
      "id": "1a630930cf2e",
      "invariant": "INV_TRUE_CORRECTION_SUPERSEDE",
      "productionLayer": "canonical fact resolution and supersede",
      "semanticAction": "supersede_fact",
      "severity": "HIGH",
    },
    {
      "count": 96,
      "eventType": "none",
      "factCategory": "budget+downPayment",
      "id": "277936e36d62",
      "invariant": "INV_FINANCE_AMOUNT_SEPARATION",
      "productionLayer": "deterministic fact extraction and canonical projection",
      "semanticAction": "update_state",
      "severity": "HIGH",
    },
    {
      "count": 85,
      "eventType": "none",
      "factCategory": "searchExperience",
      "id": "adf7d794b2d1",
      "invariant": "INV_EXPERIENCE_STATE",
      "productionLayer": "deterministic fact extraction and canonical projection",
      "semanticAction": "close_experience_branch",
      "severity": "HIGH",
    },
    {
      "count": 64,
      "eventType": "none",
      "factCategory": "budget",
      "id": "00b31ad090a8",
      "invariant": "INV_TRUE_CORRECTION_SUPERSEDE",
      "productionLayer": "canonical fact resolution and supersede",
      "semanticAction": "supersede_fact",
      "severity": "HIGH",
    },
    {
      "count": 64,
      "eventType": "DIRECT_QUESTION",
      "factCategory": "searchExperience",
      "id": "061dc840e0c4",
      "invariant": "INV_EXPERIENCE_STATE",
      "productionLayer": "deterministic fact extraction and canonical projection",
      "semanticAction": "close_experience_branch",
      "severity": "HIGH",
    },
    {
      "count": 64,
      "eventType": "none",
      "factCategory": "goal",
      "id": "b1aa54f812b6",
      "invariant": "INV_NO_PREMATURE_GOAL",
      "productionLayer": "deterministic fact extraction and canonical projection",
      "semanticAction": "update_state",
      "severity": "HIGH",
    },
    {
      "count": 60,
      "eventType": "none",
      "factCategory": "searchExperience",
      "id": "d0460e176b9c",
      "invariant": "INV_CLOSED_EXPERIENCE_BRANCH",
      "productionLayer": "deterministic fact extraction and canonical projection",
      "semanticAction": "close_experience_branch",
      "severity": "HIGH",
    },
    {
      "count": 54,
      "eventType": "none",
      "factCategory": "property_type",
      "id": "d0a78a72c69e",
      "invariant": "INV_TRUE_CORRECTION_SUPERSEDE",
      "productionLayer": "canonical fact resolution and supersede",
      "semanticAction": "supersede_fact",
      "severity": "HIGH",
    },
    {
      "count": 32,
      "eventType": "none",
      "factCategory": "goal",
      "id": "3201e4027681",
      "invariant": "INV_GOAL_NEGATION",
      "productionLayer": "deterministic fact extraction and canonical projection",
      "semanticAction": "update_state",
      "severity": "HIGH",
    },
    {
      "count": 32,
      "eventType": "none",
      "factCategory": "purchaseTimeline",
      "id": "66ddcfa470f7",
      "invariant": "INV_FIRST_CONTRAST_NOT_CORRECTION",
      "productionLayer": "deterministic fact extraction and canonical projection",
      "semanticAction": "create_first_fact",
      "severity": "HIGH",
    },
    {
      "count": 32,
      "eventType": "none",
      "factCategory": "goal",
      "id": "fbafaab34c1d",
      "invariant": "INV_FIRST_CONTRAST_NOT_CORRECTION",
      "productionLayer": "deterministic fact extraction and canonical projection",
      "semanticAction": "create_first_fact",
      "severity": "HIGH",
    },
    {
      "count": 28,
      "eventType": "DIRECT_QUESTION",
      "factCategory": "searchExperience",
      "id": "4dcabe583576",
      "invariant": "INV_EXPERIENCE_STATE",
      "productionLayer": "deterministic fact extraction and canonical projection",
      "semanticAction": "close_experience_branch",
      "severity": "HIGH",
    },
    {
      "count": 28,
      "eventType": "none",
      "factCategory": "searchExperience",
      "id": "bebf9fb7f70d",
      "invariant": "INV_VOLUNTARY_EXPERIENCE_REOPEN",
      "productionLayer": "deterministic fact extraction and canonical projection",
      "semanticAction": "reopen_with_fact",
      "severity": "HIGH",
    },
    {
      "count": 25,
      "eventType": "FACT_CORRECTION",
      "factCategory": "familyMortgage",
      "id": "501a80c3f955",
      "invariant": "INV_TRUE_CORRECTION_SUPERSEDE",
      "productionLayer": "canonical fact resolution and supersede",
      "semanticAction": "supersede_fact",
      "severity": "HIGH",
    },
  ],
  "fingerprint": "4df149428c4b6f2d1014e53015a7487037313ba14e65ef75deb07be1e2ef71cf",
  "generatedExecutions": 8192,
  "pass": 26572,
  "passRate": 81.25,
  "seed": 2654435769,
}
`;
